==15001== Memcheck, a memory error detector
==15001== Copyright (C) 2002-2022, and GNU GPL'd, by Julian Seward et al.
==15001== Using Valgrind-3.19.0 and LibVEX; rerun with -h for copyright info
==15001== Command: /home/sykim/github/c-study/c-json-parse/json-c-build/tests/test_parse_int64 /home/sykim/github/c-study/c-json-parse/json-c/tests
==15001== Parent PID: 14985
==15001== 
==15001== 
==15001== HEAP SUMMARY:
==15001==     in use at exit: 0 bytes in 0 blocks
==15001==   total heap usage: 1 allocs, 1 frees, 4,096 bytes allocated
==15001== 
==15001== All heap blocks were freed -- no leaks are possible
==15001== 
==15001== For lists of detected and suppressed errors, rerun with: -s
==15001== ERROR SUMMARY: 0 errors from 0 contexts (suppressed: 0 from 0)
