==15073== Memcheck, a memory error detector
==15073== Copyright (C) 2002-2022, and GNU GPL'd, by Julian Seward et al.
==15073== Using Valgrind-3.19.0 and LibVEX; rerun with -h for copyright info
==15073== Command: /home/sykim/github/c-study/c-json-parse/json-c-build/tests/test_set_value /home/sykim/github/c-study/c-json-parse/json-c/tests
==15073== Parent PID: 15057
==15073== 
==15073== 
==15073== HEAP SUMMARY:
==15073==     in use at exit: 0 bytes in 0 blocks
==15073==   total heap usage: 26 allocs, 26 frees, 6,478 bytes allocated
==15073== 
==15073== All heap blocks were freed -- no leaks are possible
==15073== 
==15073== For lists of detected and suppressed errors, rerun with: -s
==15073== ERROR SUMMARY: 0 errors from 0 contexts (suppressed: 0 from 0)
