==14929== Memcheck, a memory error detector
==14929== Copyright (C) 2002-2022, and GNU GPL'd, by Julian Seward et al.
==14929== Using Valgrind-3.19.0 and LibVEX; rerun with -h for copyright info
==14929== Command: /home/sykim/github/c-study/c-json-parse/json-c-build/tests/test_locale /home/sykim/github/c-study/c-json-parse/json-c/tests
==14929== Parent PID: 14913
==14929== 
==14929== 
==14929== HEAP SUMMARY:
==14929==     in use at exit: 0 bytes in 0 blocks
==14929==   total heap usage: 33 allocs, 33 frees, 15,853 bytes allocated
==14929== 
==14929== All heap blocks were freed -- no leaks are possible
==14929== 
==14929== For lists of detected and suppressed errors, rerun with: -s
==14929== ERROR SUMMARY: 0 errors from 0 contexts (suppressed: 0 from 0)
