==15169== Memcheck, a memory error detector
==15169== Copyright (C) 2002-2022, and GNU GPL'd, by Julian Seward et al.
==15169== Using Valgrind-3.19.0 and LibVEX; rerun with -h for copyright info
==15169== Command: /home/sykim/github/c-study/c-json-parse/json-c-build/tests/test_object_iterator /home/sykim/github/c-study/c-json-parse/json-c/tests
==15169== Parent PID: 15153
==15169== 
==15169== 
==15169== HEAP SUMMARY:
==15169==     in use at exit: 0 bytes in 0 blocks
==15169==   total heap usage: 43 allocs, 43 frees, 7,239 bytes allocated
==15169== 
==15169== All heap blocks were freed -- no leaks are possible
==15169== 
==15169== For lists of detected and suppressed errors, rerun with: -s
==15169== ERROR SUMMARY: 0 errors from 0 contexts (suppressed: 0 from 0)
