==14681== Memcheck, a memory error detector
==14681== Copyright (C) 2002-2022, and GNU GPL'd, by Julian Seward et al.
==14681== Using Valgrind-3.19.0 and LibVEX; rerun with -h for copyright info
==14681== Command: /home/sykim/github/c-study/c-json-parse/json-c-build/tests/test2Formatted spaced pretty
==14681== Parent PID: 14635
==14681== 
==14681== 
==14681== HEAP SUMMARY:
==14681==     in use at exit: 0 bytes in 0 blocks
==14681==   total heap usage: 71 allocs, 71 frees, 12,534 bytes allocated
==14681== 
==14681== All heap blocks were freed -- no leaks are possible
==14681== 
==14681== For lists of detected and suppressed errors, rerun with: -s
==14681== ERROR SUMMARY: 0 errors from 0 contexts (suppressed: 0 from 0)
