==14649== Memcheck, a memory error detector
==14649== Copyright (C) 2002-2022, and GNU GPL'd, by Julian Seward et al.
==14649== Using Valgrind-3.19.0 and LibVEX; rerun with -h for copyright info
==14649== Command: /home/sykim/github/c-study/c-json-parse/json-c-build/tests/test2
==14649== Parent PID: 14635
==14649== 
==14649== 
==14649== HEAP SUMMARY:
==14649==     in use at exit: 0 bytes in 0 blocks
==14649==   total heap usage: 70 allocs, 70 frees, 11,510 bytes allocated
==14649== 
==14649== All heap blocks were freed -- no leaks are possible
==14649== 
==14649== For lists of detected and suppressed errors, rerun with: -s
==14649== ERROR SUMMARY: 0 errors from 0 contexts (suppressed: 0 from 0)
