==14689== Memcheck, a memory error detector
==14689== Copyright (C) 2002-2022, and GNU GPL'd, by Julian Seward et al.
==14689== Using Valgrind-3.19.0 and LibVEX; rerun with -h for copyright info
==14689== Command: /home/sykim/github/c-study/c-json-parse/json-c-build/tests/test2Formatted spaced pretty pretty_tab
==14689== Parent PID: 14635
==14689== 
==14689== 
==14689== HEAP SUMMARY:
==14689==     in use at exit: 0 bytes in 0 blocks
==14689==   total heap usage: 70 allocs, 70 frees, 11,510 bytes allocated
==14689== 
==14689== All heap blocks were freed -- no leaks are possible
==14689== 
==14689== For lists of detected and suppressed errors, rerun with: -s
==14689== ERROR SUMMARY: 0 errors from 0 contexts (suppressed: 0 from 0)
