==14673== Memcheck, a memory error detector
==14673== Copyright (C) 2002-2022, and GNU GPL'd, by Julian Seward et al.
==14673== Using Valgrind-3.19.0 and LibVEX; rerun with -h for copyright info
==14673== Command: /home/sykim/github/c-study/c-json-parse/json-c-build/tests/test2Formatted pretty
==14673== Parent PID: 14635
==14673== 
==14673== 
==14673== HEAP SUMMARY:
==14673==     in use at exit: 0 bytes in 0 blocks
==14673==   total heap usage: 71 allocs, 71 frees, 12,534 bytes allocated
==14673== 
==14673== All heap blocks were freed -- no leaks are possible
==14673== 
==14673== For lists of detected and suppressed errors, rerun with: -s
==14673== ERROR SUMMARY: 0 errors from 0 contexts (suppressed: 0 from 0)
