==14737== Memcheck, a memory error detector
==14737== Copyright (C) 2002-2022, and GNU GPL'd, by Julian Seward et al.
==14737== Using Valgrind-3.19.0 and LibVEX; rerun with -h for copyright info
==14737== Command: /home/sykim/github/c-study/c-json-parse/json-c-build/tests/testReplaceExisting /home/sykim/github/c-study/c-json-parse/json-c/tests
==14737== Parent PID: 14721
==14737== 
==14737== 
==14737== HEAP SUMMARY:
==14737==     in use at exit: 0 bytes in 0 blocks
==14737==   total heap usage: 13 allocs, 13 frees, 5,149 bytes allocated
==14737== 
==14737== All heap blocks were freed -- no leaks are possible
==14737== 
==14737== For lists of detected and suppressed errors, rerun with: -s
==14737== ERROR SUMMARY: 0 errors from 0 contexts (suppressed: 0 from 0)
