==14857== Memcheck, a memory error detector
==14857== Copyright (C) 2002-2022, and GNU GPL'd, by Julian Seward et al.
==14857== Using Valgrind-3.19.0 and LibVEX; rerun with -h for copyright info
==14857== Command: /home/sykim/github/c-study/c-json-parse/json-c-build/tests/test_double_serializer /home/sykim/github/c-study/c-json-parse/json-c/tests
==14857== Parent PID: 14841
==14857== 
==14857== 
==14857== HEAP SUMMARY:
==14857==     in use at exit: 0 bytes in 0 blocks
==14857==   total heap usage: 32 allocs, 32 frees, 4,997 bytes allocated
==14857== 
==14857== All heap blocks were freed -- no leaks are possible
==14857== 
==14857== For lists of detected and suppressed errors, rerun with: -s
==14857== ERROR SUMMARY: 0 errors from 0 contexts (suppressed: 0 from 0)
