==14785== Memcheck, a memory error detector
==14785== Copyright (C) 2002-2022, and GNU GPL'd, by Julian Seward et al.
==14785== Using Valgrind-3.19.0 and LibVEX; rerun with -h for copyright info
==14785== Command: /home/sykim/github/c-study/c-json-parse/json-c-build/tests/test_charcase /home/sykim/github/c-study/c-json-parse/json-c/tests
==14785== Parent PID: 14769
==14785== 
==14785== 
==14785== HEAP SUMMARY:
==14785==     in use at exit: 0 bytes in 0 blocks
==14785==   total heap usage: 11 allocs, 11 frees, 6,632 bytes allocated
==14785== 
==14785== All heap blocks were freed -- no leaks are possible
==14785== 
==14785== For lists of detected and suppressed errors, rerun with: -s
==14785== ERROR SUMMARY: 0 errors from 0 contexts (suppressed: 0 from 0)
