==14881== Memcheck, a memory error detector
==14881== Copyright (C) 2002-2022, and GNU GPL'd, by Julian Seward et al.
==14881== Using Valgrind-3.19.0 and LibVEX; rerun with -h for copyright info
==14881== Command: /home/sykim/github/c-study/c-json-parse/json-c-build/tests/test_float /home/sykim/github/c-study/c-json-parse/json-c/tests
==14881== Parent PID: 14865
==14881== 
==14881== 
==14881== HEAP SUMMARY:
==14881==     in use at exit: 0 bytes in 0 blocks
==14881==   total heap usage: 16 allocs, 16 frees, 4,576 bytes allocated
==14881== 
==14881== All heap blocks were freed -- no leaks are possible
==14881== 
==14881== For lists of detected and suppressed errors, rerun with: -s
==14881== ERROR SUMMARY: 0 errors from 0 contexts (suppressed: 0 from 0)
