==14953== Memcheck, a memory error detector
==14953== Copyright (C) 2002-2022, and GNU GPL'd, by Julian Seward et al.
==14953== Using Valgrind-3.19.0 and LibVEX; rerun with -h for copyright info
==14953== Command: /home/sykim/github/c-study/c-json-parse/json-c-build/tests/test_null /home/sykim/github/c-study/c-json-parse/json-c/tests
==14953== Parent PID: 14937
==14953== 
==14953== 
==14953== HEAP SUMMARY:
==14953==     in use at exit: 0 bytes in 0 blocks
==14953==   total heap usage: 11 allocs, 11 frees, 5,866 bytes allocated
==14953== 
==14953== All heap blocks were freed -- no leaks are possible
==14953== 
==14953== For lists of detected and suppressed errors, rerun with: -s
==14953== ERROR SUMMARY: 0 errors from 0 contexts (suppressed: 0 from 0)
