==14611== Memcheck, a memory error detector
==14611== Copyright (C) 2002-2022, and GNU GPL'd, by Julian Seward et al.
==14611== Using Valgrind-3.19.0 and LibVEX; rerun with -h for copyright info
==14611== Command: /home/sykim/github/c-study/c-json-parse/json-c-build/tests/test1Formatted pretty
==14611== Parent PID: 14571
==14611== 
==14611== 
==14611== HEAP SUMMARY:
==14611==     in use at exit: 0 bytes in 0 blocks
==14611==   total heap usage: 240 allocs, 240 frees, 15,593 bytes allocated
==14611== 
==14611== All heap blocks were freed -- no leaks are possible
==14611== 
==14611== For lists of detected and suppressed errors, rerun with: -s
==14611== ERROR SUMMARY: 0 errors from 0 contexts (suppressed: 0 from 0)
