==14627== Memcheck, a memory error detector
==14627== Copyright (C) 2002-2022, and GNU GPL'd, by Julian Seward et al.
==14627== Using Valgrind-3.19.0 and LibVEX; rerun with -h for copyright info
==14627== Command: /home/sykim/github/c-study/c-json-parse/json-c-build/tests/test1Formatted spaced pretty pretty_tab
==14627== Parent PID: 14571
==14627== 
==14627== 
==14627== HEAP SUMMARY:
==14627==     in use at exit: 0 bytes in 0 blocks
==14627==   total heap usage: 240 allocs, 240 frees, 15,578 bytes allocated
==14627== 
==14627== All heap blocks were freed -- no leaks are possible
==14627== 
==14627== For lists of detected and suppressed errors, rerun with: -s
==14627== ERROR SUMMARY: 0 errors from 0 contexts (suppressed: 0 from 0)
