==15121== Memcheck, a memory error detector
==15121== Copyright (C) 2002-2022, and GNU GPL'd, by Julian Seward et al.
==15121== Using Valgrind-3.19.0 and LibVEX; rerun with -h for copyright info
==15121== Command: /home/sykim/github/c-study/c-json-parse/json-c-build/tests/test_util_file /home/sykim/github/c-study/c-json-parse/json-c/tests
==15121== Parent PID: 15105
==15121== 
==15121== 
==15121== HEAP SUMMARY:
==15121==     in use at exit: 0 bytes in 0 blocks
==15121==   total heap usage: 206 allocs, 206 frees, 31,159 bytes allocated
==15121== 
==15121== All heap blocks were freed -- no leaks are possible
==15121== 
==15121== For lists of detected and suppressed errors, rerun with: -s
==15121== ERROR SUMMARY: 0 errors from 0 contexts (suppressed: 0 from 0)
