==14603== Memcheck, a memory error detector
==14603== Copyright (C) 2002-2022, and GNU GPL'd, by Julian Seward et al.
==14603== Using Valgrind-3.19.0 and LibVEX; rerun with -h for copyright info
==14603== Command: /home/sykim/github/c-study/c-json-parse/json-c-build/tests/test1Formatted spaced
==14603== Parent PID: 14571
==14603== 
==14603== 
==14603== HEAP SUMMARY:
==14603==     in use at exit: 0 bytes in 0 blocks
==14603==   total heap usage: 240 allocs, 240 frees, 15,559 bytes allocated
==14603== 
==14603== All heap blocks were freed -- no leaks are possible
==14603== 
==14603== For lists of detected and suppressed errors, rerun with: -s
==14603== ERROR SUMMARY: 0 errors from 0 contexts (suppressed: 0 from 0)
