==14585== Memcheck, a memory error detector
==14585== Copyright (C) 2002-2022, and GNU GPL'd, by Julian Seward et al.
==14585== Using Valgrind-3.19.0 and LibVEX; rerun with -h for copyright info
==14585== Command: /home/sykim/github/c-study/c-json-parse/json-c-build/tests/test1
==14585== Parent PID: 14571
==14585== 
==14585== 
==14585== HEAP SUMMARY:
==14585==     in use at exit: 0 bytes in 0 blocks
==14585==   total heap usage: 180 allocs, 180 frees, 15,093 bytes allocated
==14585== 
==14585== All heap blocks were freed -- no leaks are possible
==14585== 
==14585== For lists of detected and suppressed errors, rerun with: -s
==14585== ERROR SUMMARY: 0 errors from 0 contexts (suppressed: 0 from 0)
