==14595== Memcheck, a memory error detector
==14595== Copyright (C) 2002-2022, and GNU GPL'd, by Julian Seward et al.
==14595== Using Valgrind-3.19.0 and LibVEX; rerun with -h for copyright info
==14595== Command: /home/sykim/github/c-study/c-json-parse/json-c-build/tests/test1Formatted plain
==14595== Parent PID: 14571
==14595== 
==14595== 
==14595== HEAP SUMMARY:
==14595==     in use at exit: 0 bytes in 0 blocks
==14595==   total heap usage: 240 allocs, 240 frees, 15,526 bytes allocated
==14595== 
==14595== All heap blocks were freed -- no leaks are possible
==14595== 
==14595== For lists of detected and suppressed errors, rerun with: -s
==14595== ERROR SUMMARY: 0 errors from 0 contexts (suppressed: 0 from 0)
