==14657== Memcheck, a memory error detector
==14657== Copyright (C) 2002-2022, and GNU GPL'd, by Julian Seward et al.
==14657== Using Valgrind-3.19.0 and LibVEX; rerun with -h for copyright info
==14657== Command: /home/sykim/github/c-study/c-json-parse/json-c-build/tests/test2Formatted plain
==14657== Parent PID: 14635
==14657== 
==14657== 
==14657== HEAP SUMMARY:
==14657==     in use at exit: 0 bytes in 0 blocks
==14657==   total heap usage: 70 allocs, 70 frees, 11,510 bytes allocated
==14657== 
==14657== All heap blocks were freed -- no leaks are possible
==14657== 
==14657== For lists of detected and suppressed errors, rerun with: -s
==14657== ERROR SUMMARY: 0 errors from 0 contexts (suppressed: 0 from 0)
