==14665== Memcheck, a memory error detector
==14665== Copyright (C) 2002-2022, and GNU GPL'd, by Julian Seward et al.
==14665== Using Valgrind-3.19.0 and LibVEX; rerun with -h for copyright info
==14665== Command: /home/sykim/github/c-study/c-json-parse/json-c-build/tests/test2Formatted spaced
==14665== Parent PID: 14635
==14665== 
==14665== 
==14665== HEAP SUMMARY:
==14665==     in use at exit: 0 bytes in 0 blocks
==14665==   total heap usage: 70 allocs, 70 frees, 11,510 bytes allocated
==14665== 
==14665== All heap blocks were freed -- no leaks are possible
==14665== 
==14665== For lists of detected and suppressed errors, rerun with: -s
==14665== ERROR SUMMARY: 0 errors from 0 contexts (suppressed: 0 from 0)
