==14905== Memcheck, a memory error detector
==14905== Copyright (C) 2002-2022, and GNU GPL'd, by Julian Seward et al.
==14905== Using Valgrind-3.19.0 and LibVEX; rerun with -h for copyright info
==14905== Command: /home/sykim/github/c-study/c-json-parse/json-c-build/tests/test_int_add /home/sykim/github/c-study/c-json-parse/json-c/tests
==14905== Parent PID: 14889
==14905== 
==14905== 
==14905== HEAP SUMMARY:
==14905==     in use at exit: 0 bytes in 0 blocks
==14905==   total heap usage: 10 allocs, 10 frees, 4,600 bytes allocated
==14905== 
==14905== All heap blocks were freed -- no leaks are possible
==14905== 
==14905== For lists of detected and suppressed errors, rerun with: -s
==14905== ERROR SUMMARY: 0 errors from 0 contexts (suppressed: 0 from 0)
