==14809== Memcheck, a memory error detector
==14809== Copyright (C) 2002-2022, and GNU GPL'd, by Julian Seward et al.
==14809== Using Valgrind-3.19.0 and LibVEX; rerun with -h for copyright info
==14809== Command: /home/sykim/github/c-study/c-json-parse/json-c-build/tests/test_compare /home/sykim/github/c-study/c-json-parse/json-c/tests
==14809== Parent PID: 14793
==14809== 
==14809== 
==14809== HEAP SUMMARY:
==14809==     in use at exit: 0 bytes in 0 blocks
==14809==   total heap usage: 70 allocs, 70 frees, 9,110 bytes allocated
==14809== 
==14809== All heap blocks were freed -- no leaks are possible
==14809== 
==14809== For lists of detected and suppressed errors, rerun with: -s
==14809== ERROR SUMMARY: 0 errors from 0 contexts (suppressed: 0 from 0)
