==14833== Memcheck, a memory error detector
==14833== Copyright (C) 2002-2022, and GNU GPL'd, by Julian Seward et al.
==14833== Using Valgrind-3.19.0 and LibVEX; rerun with -h for copyright info
==14833== Command: /home/sykim/github/c-study/c-json-parse/json-c-build/tests/test_deep_copy /home/sykim/github/c-study/c-json-parse/json-c/tests
==14833== Parent PID: 14817
==14833== 
==14833== 
==14833== HEAP SUMMARY:
==14833==     in use at exit: 0 bytes in 0 blocks
==14833==   total heap usage: 702 allocs, 702 frees, 92,878 bytes allocated
==14833== 
==14833== All heap blocks were freed -- no leaks are possible
==14833== 
==14833== For lists of detected and suppressed errors, rerun with: -s
==14833== ERROR SUMMARY: 0 errors from 0 contexts (suppressed: 0 from 0)
