==15145== Memcheck, a memory error detector
==15145== Copyright (C) 2002-2022, and GNU GPL'd, by Julian Seward et al.
==15145== Using Valgrind-3.19.0 and LibVEX; rerun with -h for copyright info
==15145== Command: /home/sykim/github/c-study/c-json-parse/json-c-build/tests/test_visit /home/sykim/github/c-study/c-json-parse/json-c/tests
==15145== Parent PID: 15129
==15145== 
==15145== 
==15145== HEAP SUMMARY:
==15145==     in use at exit: 0 bytes in 0 blocks
==15145==   total heap usage: 76 allocs, 76 frees, 9,746 bytes allocated
==15145== 
==15145== All heap blocks were freed -- no leaks are possible
==15145== 
==15145== For lists of detected and suppressed errors, rerun with: -s
==15145== ERROR SUMMARY: 0 errors from 0 contexts (suppressed: 0 from 0)
