==15097== Memcheck, a memory error detector
==15097== Copyright (C) 2002-2022, and GNU GPL'd, by Julian Seward et al.
==15097== Using Valgrind-3.19.0 and LibVEX; rerun with -h for copyright info
==15097== Command: /home/sykim/github/c-study/c-json-parse/json-c-build/tests/test_strerror /home/sykim/github/c-study/c-json-parse/json-c/tests
==15097== Parent PID: 15081
==15097== 
==15097== 
==15097== HEAP SUMMARY:
==15097==     in use at exit: 0 bytes in 0 blocks
==15097==   total heap usage: 1 allocs, 1 frees, 4,096 bytes allocated
==15097== 
==15097== All heap blocks were freed -- no leaks are possible
==15097== 
==15097== For lists of detected and suppressed errors, rerun with: -s
==15097== ERROR SUMMARY: 0 errors from 0 contexts (suppressed: 0 from 0)
