==15049== Memcheck, a memory error detector
==15049== Copyright (C) 2002-2022, and GNU GPL'd, by Julian Seward et al.
==15049== Using Valgrind-3.19.0 and LibVEX; rerun with -h for copyright info
==15049== Command: /home/sykim/github/c-study/c-json-parse/json-c-build/tests/test_set_serializer /home/sykim/github/c-study/c-json-parse/json-c/tests
==15049== Parent PID: 15033
==15049== 
==15049== 
==15049== HEAP SUMMARY:
==15049==     in use at exit: 0 bytes in 0 blocks
==15049==   total heap usage: 23 allocs, 23 frees, 6,792 bytes allocated
==15049== 
==15049== All heap blocks were freed -- no leaks are possible
==15049== 
==15049== For lists of detected and suppressed errors, rerun with: -s
==15049== ERROR SUMMARY: 0 errors from 0 contexts (suppressed: 0 from 0)
