==15025== Memcheck, a memory error detector
==15025== Copyright (C) 2002-2022, and GNU GPL'd, by Julian Seward et al.
==15025== Using Valgrind-3.19.0 and LibVEX; rerun with -h for copyright info
==15025== Command: /home/sykim/github/c-study/c-json-parse/json-c-build/tests/test_printbuf /home/sykim/github/c-study/c-json-parse/json-c/tests
==15025== Parent PID: 15009
==15025== 
==15025== 
==15025== HEAP SUMMARY:
==15025==     in use at exit: 0 bytes in 0 blocks
==15025==   total heap usage: 28 allocs, 28 frees, 5,927 bytes allocated
==15025== 
==15025== All heap blocks were freed -- no leaks are possible
==15025== 
==15025== For lists of detected and suppressed errors, rerun with: -s
==15025== ERROR SUMMARY: 0 errors from 0 contexts (suppressed: 0 from 0)
