==14977== Memcheck, a memory error detector
==14977== Copyright (C) 2002-2022, and GNU GPL'd, by Julian Seward et al.
==14977== Using Valgrind-3.19.0 and LibVEX; rerun with -h for copyright info
==14977== Command: /home/sykim/github/c-study/c-json-parse/json-c-build/tests/test_parse /home/sykim/github/c-study/c-json-parse/json-c/tests
==14977== Parent PID: 14961
==14977== 
==14977== 
==14977== HEAP SUMMARY:
==14977==     in use at exit: 0 bytes in 0 blocks
==14977==   total heap usage: 1,695 allocs, 1,695 frees, 287,285 bytes allocated
==14977== 
==14977== All heap blocks were freed -- no leaks are possible
==14977== 
==14977== For lists of detected and suppressed errors, rerun with: -s
==14977== ERROR SUMMARY: 0 errors from 0 contexts (suppressed: 0 from 0)
