==14713== Memcheck, a memory error detector
==14713== Copyright (C) 2002-2022, and GNU GPL'd, by Julian Seward et al.
==14713== Using Valgrind-3.19.0 and LibVEX; rerun with -h for copyright info
==14713== Command: /home/sykim/github/c-study/c-json-parse/json-c-build/tests/test4 /home/sykim/github/c-study/c-json-parse/json-c/tests
==14713== Parent PID: 14697
==14713== 
==14713== 
==14713== HEAP SUMMARY:
==14713==     in use at exit: 0 bytes in 0 blocks
==14713==   total heap usage: 1,033 allocs, 1,033 frees, 134,250 bytes allocated
==14713== 
==14713== All heap blocks were freed -- no leaks are possible
==14713== 
==14713== For lists of detected and suppressed errors, rerun with: -s
==14713== ERROR SUMMARY: 0 errors from 0 contexts (suppressed: 0 from 0)
